exports[`<Chat /> renders correct UI 1`] = `
<section>
  <MessageList
    messages={Array []} />
  <MessageComposer
    onCompose={[Function]} />
</section>
`;
